#-----------------------------------------------------------
# Webtalk v2019.2 (64-bit)
# SW Build 2708876 on Wed Nov  6 21:40:23 MST 2019
# IP Build 2700528 on Thu Nov  7 00:09:20 MST 2019
# Start of session at: Mon May  3 13:29:21 2021
# Process ID: 17216
# Current directory: C:/Users/robin/Documents/GitHub/Studywork/Vivado_receiver/Vivado_receiver.sim/sim_1/behav/xsim
# Command line: wbtcv.exe -mode batch -source C:/Users/robin/Documents/GitHub/Studywork/Vivado_receiver/Vivado_receiver.sim/sim_1/behav/xsim/xsim.dir/Testbench_synchronisation_behav/webtalk/xsim_webtalk.tcl -notrace
# Log file: C:/Users/robin/Documents/GitHub/Studywork/Vivado_receiver/Vivado_receiver.sim/sim_1/behav/xsim/webtalk.log
# Journal file: C:/Users/robin/Documents/GitHub/Studywork/Vivado_receiver/Vivado_receiver.sim/sim_1/behav/xsim\webtalk.jou
#-----------------------------------------------------------
source C:/Users/robin/Documents/GitHub/Studywork/Vivado_receiver/Vivado_receiver.sim/sim_1/behav/xsim/xsim.dir/Testbench_synchronisation_behav/webtalk/xsim_webtalk.tcl -notrace
